<html>
<body>
<pre>
<h1>µVision Build Log</h1>
<h2>Project:</h2>
D:\ASUFOE\Spring24\Embedded system\New folder\test.uvproj
Project File Date:  04/17/2024

<h2>Output:</h2>
Build target 'Target 1'
linking...
Program Size: Code=704 RO-data=652 RW-data=4 ZI-data=516  
".\test.axf" - 0 Error(s), 0 Warning(s).
Load "D:\\ASUFOE\\Spring24\\Embedded system\\New folder\\test.axf" 
Connecting: Mode=JTAG, Speed=1000000Hz
Erase Done.
Programming Done.
Verify OK.
st.axf" - 0 Error(s), 1 Warning(s).
Load "D:\\ASUFOE\\Spring24\\Embedded system\\New folder\\test.axf" 
Internal DLL Error
Error: Flash Download failed  -  Target DLL has been cancelled
5: expected a ";"
                                break;
main.c(56): error:  #20: identifier "red" is undefined
                                LED_output(0x02);red
main.c(57): error:  #65: expected a ";"
                                break;
main.c: 1 warning, 6 errors
".\test.axf" - 6 Error(s), 1 Warning(s).
Target not created
