<html>
<body>
<pre>
<h1>µVision Build Log</h1>
<h2>Project:</h2>
E:\College\Junior\Second Term\Intro to Embedded Systems\Project\GPS-tracking-system\UART\uart_test.uvproj
Project File Date:  04/17/2024

<h2>Output:</h2>
Build target 'Target 1'
compiling uart_test.c...
uart_test.c(22): warning:  #111-D: statement is unreachable
      return 1;
uart_test.c(23): warning:  #1-D: last line of file ends without a newline
  }
uart_test.c(5): warning:  #177-D: variable "i" was declared but never referenced
      int i;
uart_test.c(6): warning:  #177-D: variable "received" was declared but never referenced
      uint8_t received;
uart_test.c: 4 warnings, 0 errors
linking...
Program Size: Code=996 RO-data=636 RW-data=0 ZI-data=512  
".\uart_test.axf" - 0 Error(s), 4 Warning(s).
</pre>
</body>
</html>
: 4 warnings, 1 error
".\uart_test.axf" - 1 Error(s), 4 Warning(s).
Target not created
