ARM Linker, 5.03 [Build 76] [MDK-ARM Lite]

==============================================================================

Section Cross References

    startup_tm4c123.o(RESET) refers to startup_tm4c123.o(STACK) for __initial_sp
    startup_tm4c123.o(RESET) refers to startup_tm4c123.o(.text) for Reset_Handler
    startup_tm4c123.o(.text) refers to entry.o(.ARM.Collect$$$$00000000) for __main
    uart_test.o(.text) refers to uart.o(.text) for UART0_Init
    entry.o(.ARM.Collect$$$$00000000) refers (Special) to entry10a.o(.ARM.Collect$$$$0000000D) for __rt_final_cpp
    entry.o(.ARM.Collect$$$$00000000) refers (Special) to entry11a.o(.ARM.Collect$$$$0000000F) for __rt_final_exit
    entry.o(.ARM.Collect$$$$00000000) refers (Special) to entry7b.o(.ARM.Collect$$$$00000008) for _main_clock
    entry.o(.ARM.Collect$$$$00000000) refers (Special) to entry8b.o(.ARM.Collect$$$$0000000A) for _main_cpp_init
    entry.o(.ARM.Collect$$$$00000000) refers (Special) to entry9a.o(.ARM.Collect$$$$0000000B) for _main_init
    entry.o(.ARM.Collect$$$$00000000) refers (Special) to entry5.o(.ARM.Collect$$$$00000004) for _main_scatterload
    entry.o(.ARM.Collect$$$$00000000) refers (Special) to entry2.o(.ARM.Collect$$$$00000001) for _main_stk
    entry2.o(.ARM.Collect$$$$00000001) refers to entry2.o(.ARM.Collect$$$$00002712) for __lit__00000000
    entry2.o(.ARM.Collect$$$$00002712) refers to startup_tm4c123.o(STACK) for __initial_sp
    entry2.o(__vectab_stack_and_reset_area) refers to startup_tm4c123.o(STACK) for __initial_sp
    entry2.o(__vectab_stack_and_reset_area) refers to entry.o(.ARM.Collect$$$$00000000) for __main
    entry5.o(.ARM.Collect$$$$00000004) refers to init.o(.text) for __scatterload
    entry9a.o(.ARM.Collect$$$$0000000B) refers to uart_test.o(.text) for main
    entry9b.o(.ARM.Collect$$$$0000000C) refers to uart_test.o(.text) for main
    init.o(.text) refers to entry5.o(.ARM.Collect$$$$00000004) for __main_after_scatterload


==============================================================================

Removing Unused input sections from the image.

    Removing startup_tm4c123.o(HEAP), (0 bytes).

1 unused section(s) (total 0 bytes) removed from the image.

==============================================================================

Image Symbol Table

    Local Symbols

    Symbol Name                              Value     Ov Type        Size  Object(Section)

    RESET                                    0x00000000   Section      620  startup_tm4c123.o(RESET)
    ../clib/microlib/init/entry.s            0x00000000   Number         0  entry7b.o ABSOLUTE
    ../clib/microlib/init/entry.s            0x00000000   Number         0  entry8a.o ABSOLUTE
    ../clib/microlib/init/entry.s            0x00000000   Number         0  entry7a.o ABSOLUTE
    ../clib/microlib/init/entry.s            0x00000000   Number         0  entry11b.o ABSOLUTE
    ../clib/microlib/init/entry.s            0x00000000   Number         0  entry11a.o ABSOLUTE
    ../clib/microlib/init/entry.s            0x00000000   Number         0  entry10b.o ABSOLUTE
    ../clib/microlib/init/entry.s            0x00000000   Number         0  entry.o ABSOLUTE
    ../clib/microlib/init/entry.s            0x00000000   Number         0  entry10a.o ABSOLUTE
    ../clib/microlib/init/entry.s            0x00000000   Number         0  entry2.o ABSOLUTE
    ../clib/microlib/init/entry.s            0x00000000   Number         0  entry9b.o ABSOLUTE
    ../clib/microlib/init/entry.s            0x00000000   Number         0  entry9a.o ABSOLUTE
    ../clib/microlib/init/entry.s            0x00000000   Number         0  entry8b.o ABSOLUTE
    ../clib/microlib/init/entry.s            0x00000000   Number         0  entry5.o ABSOLUTE
    dc.s                                     0x00000000   Number         0  dc.o ABSOLUTE
    handlers.s                               0x00000000   Number         0  handlers.o ABSOLUTE
    init.s                                   0x00000000   Number         0  init.o ABSOLUTE
    startup_TM4C123.s                        0x00000000   Number         0  startup_tm4c123.o ABSOLUTE
    uart.c                                   0x00000000   Number         0  uart.o ABSOLUTE
    uart_test.c                              0x00000000   Number         0  uart_test.o ABSOLUTE
    .ARM.Collect$$$$00000000                 0x0000026c   Section        0  entry.o(.ARM.Collect$$$$00000000)
    .ARM.Collect$$$$00000001                 0x0000026c   Section        4  entry2.o(.ARM.Collect$$$$00000001)
    .ARM.Collect$$$$00000004                 0x00000270   Section        4  entry5.o(.ARM.Collect$$$$00000004)
    .ARM.Collect$$$$00000008                 0x00000274   Section        0  entry7b.o(.ARM.Collect$$$$00000008)
    .ARM.Collect$$$$0000000A                 0x00000274   Section        0  entry8b.o(.ARM.Collect$$$$0000000A)
    .ARM.Collect$$$$0000000B                 0x00000274   Section        8  entry9a.o(.ARM.Collect$$$$0000000B)
    .ARM.Collect$$$$0000000D                 0x0000027c   Section        0  entry10a.o(.ARM.Collect$$$$0000000D)
    .ARM.Collect$$$$0000000F                 0x0000027c   Section        0  entry11a.o(.ARM.Collect$$$$0000000F)
    .ARM.Collect$$$$00002712                 0x0000027c   Section        4  entry2.o(.ARM.Collect$$$$00002712)
    __lit__00000000                          0x0000027c   Data           4  entry2.o(.ARM.Collect$$$$00002712)
    .text                                    0x00000280   Section      244  startup_tm4c123.o(.text)
    $v0                                      0x00000280   Number         0  startup_tm4c123.o(.text)
    .text                                    0x00000374   Section        0  uart_test.o(.text)
    .text                                    0x0000039c   Section        0  uart.o(.text)
    .text                                    0x0000060c   Section       36  init.o(.text)
    i.__scatterload_copy                     0x00000630   Section       14  handlers.o(i.__scatterload_copy)
    i.__scatterload_null                     0x0000063e   Section        2  handlers.o(i.__scatterload_null)
    i.__scatterload_zeroinit                 0x00000640   Section       14  handlers.o(i.__scatterload_zeroinit)
    STACK                                    0x20000000   Section      512  startup_tm4c123.o(STACK)

    Global Symbols

    Symbol Name                              Value     Ov Type        Size  Object(Section)

    BuildAttributes$$THM_ISAv4$E$P$D$K$B$S$7EM$VFPi3$EXTD16$VFPS$VFMA$PE$A:L22UL41UL21$X:L11$S22US41US21$IEEE1$IW$USESV6$~STKCKD$USESV7$~SHL$OSPACE$EBA8$MICROLIB$REQ8$PRES8$EABIv2 0x00000000   Number         0  anon$$obj.o ABSOLUTE
    __ARM_use_no_argv                        0x00000000   Number         0  uart_test.o ABSOLUTE
    __Vectors                                0x00000000   Data           4  startup_tm4c123.o(RESET)
    __cpp_initialize__aeabi_                  - Undefined Weak Reference
    __cxa_finalize                            - Undefined Weak Reference
    __decompress                              - Undefined Weak Reference
    _clock_init                               - Undefined Weak Reference
    _microlib_exit                            - Undefined Weak Reference
    __Vectors_End                            0x0000026c   Data           0  startup_tm4c123.o(RESET)
    __Vectors_Size                           0x0000026c   Number         0  startup_tm4c123.o ABSOLUTE
    __main                                   0x0000026d   Thumb Code     0  entry.o(.ARM.Collect$$$$00000000)
    _main_stk                                0x0000026d   Thumb Code     0  entry2.o(.ARM.Collect$$$$00000001)
    _main_scatterload                        0x00000271   Thumb Code     0  entry5.o(.ARM.Collect$$$$00000004)
    __main_after_scatterload                 0x00000275   Thumb Code     0  entry5.o(.ARM.Collect$$$$00000004)
    _main_clock                              0x00000275   Thumb Code     0  entry7b.o(.ARM.Collect$$$$00000008)
    _main_cpp_init                           0x00000275   Thumb Code     0  entry8b.o(.ARM.Collect$$$$0000000A)
    _main_init                               0x00000275   Thumb Code     0  entry9a.o(.ARM.Collect$$$$0000000B)
    __rt_final_cpp                           0x0000027d   Thumb Code     0  entry10a.o(.ARM.Collect$$$$0000000D)
    __rt_final_exit                          0x0000027d   Thumb Code     0  entry11a.o(.ARM.Collect$$$$0000000F)
    Reset_Handler                            0x00000281   Thumb Code     4  startup_tm4c123.o(.text)
    NMI_Handler                              0x00000285   Thumb Code     2  startup_tm4c123.o(.text)
    HardFault_Handler                        0x00000287   Thumb Code     2  startup_tm4c123.o(.text)
    MemManage_Handler                        0x00000289   Thumb Code     2  startup_tm4c123.o(.text)
    BusFault_Handler                         0x0000028b   Thumb Code     2  startup_tm4c123.o(.text)
    UsageFault_Handler                       0x0000028d   Thumb Code     2  startup_tm4c123.o(.text)
    SVC_Handler                              0x0000028f   Thumb Code     2  startup_tm4c123.o(.text)
    DebugMon_Handler                         0x00000291   Thumb Code     2  startup_tm4c123.o(.text)
    PendSV_Handler                           0x00000293   Thumb Code     2  startup_tm4c123.o(.text)
    SysTick_Handler                          0x00000295   Thumb Code     2  startup_tm4c123.o(.text)
    GPIOA_Handler                            0x00000297   Thumb Code     2  startup_tm4c123.o(.text)
    GPIOB_Handler                            0x00000299   Thumb Code     2  startup_tm4c123.o(.text)
    GPIOC_Handler                            0x0000029b   Thumb Code     2  startup_tm4c123.o(.text)
    GPIOD_Handler                            0x0000029d   Thumb Code     2  startup_tm4c123.o(.text)
    GPIOE_Handler                            0x0000029f   Thumb Code     2  startup_tm4c123.o(.text)
    UART0_Handler                            0x000002a1   Thumb Code     2  startup_tm4c123.o(.text)
    UART1_Handler                            0x000002a3   Thumb Code     2  startup_tm4c123.o(.text)
    SSI0_Handler                             0x000002a5   Thumb Code     2  startup_tm4c123.o(.text)
    I2C0_Handler                             0x000002a7   Thumb Code     2  startup_tm4c123.o(.text)
    PMW0_FAULT_Handler                       0x000002a9   Thumb Code     2  startup_tm4c123.o(.text)
    PWM0_0_Handler                           0x000002ab   Thumb Code     2  startup_tm4c123.o(.text)
    PWM0_1_Handler                           0x000002ad   Thumb Code     2  startup_tm4c123.o(.text)
    PWM0_2_Handler                           0x000002af   Thumb Code     2  startup_tm4c123.o(.text)
    QEI0_Handler                             0x000002b1   Thumb Code     2  startup_tm4c123.o(.text)
    ADC0SS0_Handler                          0x000002b3   Thumb Code     2  startup_tm4c123.o(.text)
    ADC0SS1_Handler                          0x000002b5   Thumb Code     2  startup_tm4c123.o(.text)
    ADC0SS2_Handler                          0x000002b7   Thumb Code     2  startup_tm4c123.o(.text)
    ADC0SS3_Handler                          0x000002b9   Thumb Code     2  startup_tm4c123.o(.text)
    WDT0_Handler                             0x000002bb   Thumb Code     2  startup_tm4c123.o(.text)
    TIMER0A_Handler                          0x000002bd   Thumb Code     2  startup_tm4c123.o(.text)
    TIMER0B_Handler                          0x000002bf   Thumb Code     2  startup_tm4c123.o(.text)
    TIMER1A_Handler                          0x000002c1   Thumb Code     2  startup_tm4c123.o(.text)
    TIMER1B_Handler                          0x000002c3   Thumb Code     2  startup_tm4c123.o(.text)
    TIMER2A_Handler                          0x000002c5   Thumb Code     2  startup_tm4c123.o(.text)
    TIMER2B_Handler                          0x000002c7   Thumb Code     2  startup_tm4c123.o(.text)
    COMP0_Handler                            0x000002c9   Thumb Code     2  startup_tm4c123.o(.text)
    COMP1_Handler                            0x000002cb   Thumb Code     2  startup_tm4c123.o(.text)
    COMP2_Handler                            0x000002cd   Thumb Code     2  startup_tm4c123.o(.text)
    SYSCTL_Handler                           0x000002cf   Thumb Code     2  startup_tm4c123.o(.text)
    FLASH_Handler                            0x000002d1   Thumb Code     2  startup_tm4c123.o(.text)
    GPIOF_Handler                            0x000002d3   Thumb Code     2  startup_tm4c123.o(.text)
    GPIOG_Handler                            0x000002d5   Thumb Code     2  startup_tm4c123.o(.text)
    GPIOH_Handler                            0x000002d7   Thumb Code     2  startup_tm4c123.o(.text)
    UART2_Handler                            0x000002d9   Thumb Code     2  startup_tm4c123.o(.text)
    SSI1_Handler                             0x000002db   Thumb Code     2  startup_tm4c123.o(.text)
    TIMER3A_Handler                          0x000002dd   Thumb Code     2  startup_tm4c123.o(.text)
    TIMER3B_Handler                          0x000002df   Thumb Code     2  startup_tm4c123.o(.text)
    I2C1_Handler                             0x000002e1   Thumb Code     2  startup_tm4c123.o(.text)
    QEI1_Handler                             0x000002e3   Thumb Code     2  startup_tm4c123.o(.text)
    CAN0_Handler                             0x000002e5   Thumb Code     2  startup_tm4c123.o(.text)
    CAN1_Handler                             0x000002e7   Thumb Code     2  startup_tm4c123.o(.text)
    CAN2_Handler                             0x000002e9   Thumb Code     2  startup_tm4c123.o(.text)
    HIB_Handler                              0x000002eb   Thumb Code     2  startup_tm4c123.o(.text)
    USB0_Handler                             0x000002ed   Thumb Code     2  startup_tm4c123.o(.text)
    PWM0_3_Handler                           0x000002ef   Thumb Code     2  startup_tm4c123.o(.text)
    UDMA_Handler                             0x000002f1   Thumb Code     2  startup_tm4c123.o(.text)
    UDMAERR_Handler                          0x000002f3   Thumb Code     2  startup_tm4c123.o(.text)
    ADC1SS0_Handler                          0x000002f5   Thumb Code     2  startup_tm4c123.o(.text)
    ADC1SS1_Handler                          0x000002f7   Thumb Code     2  startup_tm4c123.o(.text)
    ADC1SS2_Handler                          0x000002f9   Thumb Code     2  startup_tm4c123.o(.text)
    ADC1SS3_Handler                          0x000002fb   Thumb Code     2  startup_tm4c123.o(.text)
    GPIOJ_Handler                            0x000002fd   Thumb Code     2  startup_tm4c123.o(.text)
    GPIOK_Handler                            0x000002ff   Thumb Code     2  startup_tm4c123.o(.text)
    GPIOL_Handler                            0x00000301   Thumb Code     2  startup_tm4c123.o(.text)
    SSI2_Handler                             0x00000303   Thumb Code     2  startup_tm4c123.o(.text)
    SSI3_Handler                             0x00000305   Thumb Code     2  startup_tm4c123.o(.text)
    UART3_Handler                            0x00000307   Thumb Code     2  startup_tm4c123.o(.text)
    UART4_Handler                            0x00000309   Thumb Code     2  startup_tm4c123.o(.text)
    UART5_Handler                            0x0000030b   Thumb Code     2  startup_tm4c123.o(.text)
    UART6_Handler                            0x0000030d   Thumb Code     2  startup_tm4c123.o(.text)
    UART7_Handler                            0x0000030f   Thumb Code     2  startup_tm4c123.o(.text)
    I2C2_Handler                             0x00000311   Thumb Code     2  startup_tm4c123.o(.text)
    I2C3_Handler                             0x00000313   Thumb Code     2  startup_tm4c123.o(.text)
    TIMER4A_Handler                          0x00000315   Thumb Code     2  startup_tm4c123.o(.text)
    TIMER4B_Handler                          0x00000317   Thumb Code     2  startup_tm4c123.o(.text)
    TIMER5A_Handler                          0x00000319   Thumb Code     2  startup_tm4c123.o(.text)
    TIMER5B_Handler                          0x0000031b   Thumb Code     2  startup_tm4c123.o(.text)
    WTIMER0A_Handler                         0x0000031d   Thumb Code     2  startup_tm4c123.o(.text)
    WTIMER0B_Handler                         0x0000031f   Thumb Code     2  startup_tm4c123.o(.text)
    WTIMER1A_Handler                         0x00000321   Thumb Code     2  startup_tm4c123.o(.text)
    WTIMER1B_Handler                         0x00000323   Thumb Code     2  startup_tm4c123.o(.text)
    WTIMER2A_Handler                         0x00000325   Thumb Code     2  startup_tm4c123.o(.text)
    WTIMER2B_Handler                         0x00000327   Thumb Code     2  startup_tm4c123.o(.text)
    WTIMER3A_Handler                         0x00000329   Thumb Code     2  startup_tm4c123.o(.text)
    WTIMER3B_Handler                         0x0000032b   Thumb Code     2  startup_tm4c123.o(.text)
    WTIMER4A_Handler                         0x0000032d   Thumb Code     2  startup_tm4c123.o(.text)
    WTIMER4B_Handler                         0x0000032f   Thumb Code     2  startup_tm4c123.o(.text)
    WTIMER5A_Handler                         0x00000331   Thumb Code     2  startup_tm4c123.o(.text)
    WTIMER5B_Handler                         0x00000333   Thumb Code     2  startup_tm4c123.o(.text)
    FPU_Handler                              0x00000335   Thumb Code     2  startup_tm4c123.o(.text)
    I2C4_Handler                             0x00000337   Thumb Code     2  startup_tm4c123.o(.text)
    I2C5_Handler                             0x00000339   Thumb Code     2  startup_tm4c123.o(.text)
    GPIOM_Handler                            0x0000033b   Thumb Code     2  startup_tm4c123.o(.text)
    GPION_Handler                            0x0000033d   Thumb Code     2  startup_tm4c123.o(.text)
    QEI2_Handler                             0x0000033f   Thumb Code     2  startup_tm4c123.o(.text)
    GPIOP0_Handler                           0x00000341   Thumb Code     2  startup_tm4c123.o(.text)
    GPIOP1_Handler                           0x00000343   Thumb Code     2  startup_tm4c123.o(.text)
    GPIOP2_Handler                           0x00000345   Thumb Code     2  startup_tm4c123.o(.text)
    GPIOP3_Handler                           0x00000347   Thumb Code     2  startup_tm4c123.o(.text)
    GPIOP4_Handler                           0x00000349   Thumb Code     2  startup_tm4c123.o(.text)
    GPIOP5_Handler                           0x0000034b   Thumb Code     2  startup_tm4c123.o(.text)
    GPIOP6_Handler                           0x0000034d   Thumb Code     2  startup_tm4c123.o(.text)
    GPIOP7_Handler                           0x0000034f   Thumb Code     2  startup_tm4c123.o(.text)
    GPIOQ0_Handler                           0x00000351   Thumb Code     2  startup_tm4c123.o(.text)
    GPIOQ1_Handler                           0x00000353   Thumb Code     2  startup_tm4c123.o(.text)
    GPIOQ2_Handler                           0x00000355   Thumb Code     2  startup_tm4c123.o(.text)
    GPIOQ3_Handler                           0x00000357   Thumb Code     2  startup_tm4c123.o(.text)
    GPIOQ4_Handler                           0x00000359   Thumb Code     2  startup_tm4c123.o(.text)
    GPIOQ5_Handler                           0x0000035b   Thumb Code     2  startup_tm4c123.o(.text)
    GPIOQ6_Handler                           0x0000035d   Thumb Code     2  startup_tm4c123.o(.text)
    GPIOQ7_Handler                           0x0000035f   Thumb Code     2  startup_tm4c123.o(.text)
    GPIOR_Handler                            0x00000361   Thumb Code     2  startup_tm4c123.o(.text)
    GPIOS_Handler                            0x00000363   Thumb Code     2  startup_tm4c123.o(.text)
    PMW1_0_Handler                           0x00000365   Thumb Code     2  startup_tm4c123.o(.text)
    PWM1_1_Handler                           0x00000367   Thumb Code     2  startup_tm4c123.o(.text)
    PWM1_2_Handler                           0x00000369   Thumb Code     2  startup_tm4c123.o(.text)
    PWM1_3_Handler                           0x0000036b   Thumb Code     2  startup_tm4c123.o(.text)
    PWM1_FAULT_Handler                       0x0000036d   Thumb Code     2  startup_tm4c123.o(.text)
    main                                     0x00000375   Thumb Code    36  uart_test.o(.text)
    UART0_Init                               0x0000039d   Thumb Code   166  uart.o(.text)
    UART1_Init                               0x00000443   Thumb Code   162  uart.o(.text)
    UART2_Init                               0x000004e5   Thumb Code   162  uart.o(.text)
    UART_SendByte                            0x00000587   Thumb Code    14  uart.o(.text)
    UART_ReceiveByte                         0x00000595   Thumb Code    36  uart.o(.text)
    UART0_GetChar                            0x000005b9   Thumb Code    20  uart.o(.text)
    UART1_GetChar                            0x000005cd   Thumb Code    20  uart.o(.text)
    __scatterload                            0x0000060d   Thumb Code    28  init.o(.text)
    __scatterload_rt2                        0x0000060d   Thumb Code     0  init.o(.text)
    __scatterload_copy                       0x00000631   Thumb Code    14  handlers.o(i.__scatterload_copy)
    __scatterload_null                       0x0000063f   Thumb Code     2  handlers.o(i.__scatterload_null)
    __scatterload_zeroinit                   0x00000641   Thumb Code    14  handlers.o(i.__scatterload_zeroinit)
    Region$$Table$$Base                      0x00000650   Number         0  anon$$obj.o(Region$$Table)
    Region$$Table$$Limit                     0x00000660   Number         0  anon$$obj.o(Region$$Table)
    __initial_sp                             0x20000200   Data           0  startup_tm4c123.o(STACK)



==============================================================================

Memory Map of the image

  Image Entry point : 0x00000281

  Load Region LR_1 (Base: 0x00000000, Size: 0x00000660, Max: 0xffffffff, ABSOLUTE)

    Execution Region ER_RO (Base: 0x00000000, Size: 0x00000660, Max: 0xffffffff, ABSOLUTE)

    Base Addr    Size         Type   Attr      Idx    E Section Name        Object

    0x00000000   0x0000026c   Data   RO            3    RESET               startup_tm4c123.o
    0x0000026c   0x00000000   Code   RO           44  * .ARM.Collect$$$$00000000  mc_w.l(entry.o)
    0x0000026c   0x00000004   Code   RO           47    .ARM.Collect$$$$00000001  mc_w.l(entry2.o)
    0x00000270   0x00000004   Code   RO           50    .ARM.Collect$$$$00000004  mc_w.l(entry5.o)
    0x00000274   0x00000000   Code   RO           52    .ARM.Collect$$$$00000008  mc_w.l(entry7b.o)
    0x00000274   0x00000000   Code   RO           54    .ARM.Collect$$$$0000000A  mc_w.l(entry8b.o)
    0x00000274   0x00000008   Code   RO           55    .ARM.Collect$$$$0000000B  mc_w.l(entry9a.o)
    0x0000027c   0x00000000   Code   RO           57    .ARM.Collect$$$$0000000D  mc_w.l(entry10a.o)
    0x0000027c   0x00000000   Code   RO           59    .ARM.Collect$$$$0000000F  mc_w.l(entry11a.o)
    0x0000027c   0x00000004   Code   RO           48    .ARM.Collect$$$$00002712  mc_w.l(entry2.o)
    0x00000280   0x000000f4   Code   RO            4  * .text               startup_tm4c123.o
    0x00000374   0x00000028   Code   RO           10    .text               uart_test.o
    0x0000039c   0x00000270   Code   RO           29    .text               uart.o
    0x0000060c   0x00000024   Code   RO           61    .text               mc_w.l(init.o)
    0x00000630   0x0000000e   Code   RO           65    i.__scatterload_copy  mc_w.l(handlers.o)
    0x0000063e   0x00000002   Code   RO           66    i.__scatterload_null  mc_w.l(handlers.o)
    0x00000640   0x0000000e   Code   RO           67    i.__scatterload_zeroinit  mc_w.l(handlers.o)
    0x0000064e   0x00000002   PAD
    0x00000650   0x00000010   Data   RO           63    Region$$Table       anon$$obj.o


    Execution Region ER_RW (Base: 0x20000000, Size: 0x00000000, Max: 0xffffffff, ABSOLUTE)

    **** No section assigned to this execution region ****


    Execution Region ER_ZI (Base: 0x20000000, Size: 0x00000200, Max: 0xffffffff, ABSOLUTE)

    Base Addr    Size         Type   Attr      Idx    E Section Name        Object

    0x20000000   0x00000200   Zero   RW            1    STACK               startup_tm4c123.o


==============================================================================

Image component sizes


      Code (inc. data)   RO Data    RW Data    ZI Data      Debug   Object Name

       244          6        620          0        512       5412   startup_tm4c123.o
       624         44          0          0          0       2098   uart.o
        40          4          0          0          0       5023   uart_test.o

    ----------------------------------------------------------------------
       908         54        636          0        512      12533   Object Totals
         0          0         16          0          0          0   (incl. Generated)
         0          0          0          0          0          0   (incl. Padding)

    ----------------------------------------------------------------------

      Code (inc. data)   RO Data    RW Data    ZI Data      Debug   Library Member Name

         0          0          0          0          0          0   entry.o
         0          0          0          0          0          0   entry10a.o
         0          0          0          0          0          0   entry11a.o
         8          4          0          0          0          0   entry2.o
         4          0          0          0          0          0   entry5.o
         0          0          0          0          0          0   entry7b.o
         0          0          0          0          0          0   entry8b.o
         8          4          0          0          0          0   entry9a.o
        30          0          0          0          0          0   handlers.o
        36          8          0          0          0         68   init.o

    ----------------------------------------------------------------------
        88         16          0          0          0         68   Library Totals
         2          0          0          0          0          0   (incl. Padding)

    ----------------------------------------------------------------------

      Code (inc. data)   RO Data    RW Data    ZI Data      Debug   Library Name

        86         16          0          0          0         68   mc_w.l

    ----------------------------------------------------------------------
        88         16          0          0          0         68   Library Totals

    ----------------------------------------------------------------------

==============================================================================


      Code (inc. data)   RO Data    RW Data    ZI Data      Debug   

       996         70        636          0        512      12601   Grand Totals
       996         70        636          0        512      12601   ELF Image Totals
       996         70        636          0          0          0   ROM Totals

==============================================================================

    Total RO  Size (Code + RO Data)                 1632 (   1.59kB)
    Total RW  Size (RW Data + ZI Data)               512 (   0.50kB)
    Total ROM Size (Code + RO Data + RW Data)       1632 (   1.59kB)

==============================================================================

